Updating https://github.com/spandx/cache.git...
Updating https://github.com/spandx/rubygems-cache.git...
Updating https://github.com/spdx/license-list-data.git...
Rebuilding index...
OK
